// Jest Snapshot v1, https://goo.gl/fbAQLP

exports[`<DestinationAddContainer /> renders correctly 1`] = `
<div>
  <div
    className="row"
  >
    <div
      className="col md-2"
    >
      <button
        className="btn btn-primary"
        onClick={[Function]}
      >
        Add Destination
      </button>
    </div>
  </div>
</div>
`;
