// Jest Snapshot v1, https://goo.gl/fbAQLP

exports[`<TripsContainer /> renders a <TripListContainer /> component 1`] = `
<TripList
  trips={Array []}
/>
`;
