// Jest Snapshot v1, https://goo.gl/fbAQLP

exports[`<LoggedInContainer /> renders child components 1`] = `<Component />`;
