// Jest Snapshot v1, https://goo.gl/fbAQLP

exports[`<TripList /> renders a correctly 1`] = `
<div>
  <h1>
    Your Trips
  </h1>
  <div
    className="tripList"
  />
</div>
`;
