// Jest Snapshot v1, https://goo.gl/fbAQLP

exports[`<TripCreateContainer /> renders correctly 1`] = `
<div>
  <button
    className="btn btn-primary"
    onClick={[Function]}
  >
    New Trip
  </button>
</div>
`;
