// Jest Snapshot v1, https://goo.gl/fbAQLP

exports[`<FormContainer /> renders correctly 1`] = `
<TripForm
  errors={Array []}
  onSubmit={[Function]}
  trip={Object {}}
/>
`;
