// Jest Snapshot v1, https://goo.gl/fbAQLP

exports[`<RegistrationContainer /> renders correctly 1`] = `
<FormContainer
  apiFunction={[Function]}
  onSuccess={[Function]}
>
  <RegistrationForm />
</FormContainer>
`;
