// Jest Snapshot v1, https://goo.gl/fbAQLP

exports[`<RegistrationContainer /> renders correctly 1`] = `
<Route>
  [Function]
</Route>
`;
