// Jest Snapshot v1, https://goo.gl/fbAQLP

exports[`<TripList /> renders a correctly 1`] = `
<div
  className="trip-list"
/>
`;
